Analysis & Synthesis report for DE0_CV_Default
Fri Mar  8 08:10:39 2019
Quartus Prime Version 17.1.0 Build 590 10/25/2017 SJ Lite Edition


---------------------
; Table of Contents ;
---------------------
  1. Legal Notice
  2. Analysis & Synthesis Summary
  3. Analysis & Synthesis Settings
  4. Parallel Compilation
  5. Analysis & Synthesis Messages



----------------
; Legal Notice ;
----------------
Copyright (C) 2017  Intel Corporation. All rights reserved.
Your use of Intel Corporation's design tools, logic functions 
and other software and tools, and its AMPP partner logic 
functions, and any output files from any of the foregoing 
(including device programming or simulation files), and any 
associated documentation or information are expressly subject 
to the terms and conditions of the Intel Program License 
Subscription Agreement, the Intel Quartus Prime License Agreement,
the Intel FPGA IP License Agreement, or other applicable license
agreement, including, without limitation, that your use is for
the sole purpose of programming logic devices manufactured by
Intel and sold by Intel or its authorized distributors.  Please
refer to the applicable agreement for further details.



+---------------------------------------------------------------------------+
; Analysis & Synthesis Summary                                              ;
+-----------------------------+---------------------------------------------+
; Analysis & Synthesis Status ; Failed - Fri Mar  8 08:10:39 2019           ;
; Quartus Prime Version       ; 17.1.0 Build 590 10/25/2017 SJ Lite Edition ;
; Revision Name               ; DE0_CV_Default                              ;
; Top-level Entity Name       ; TopLevel                                    ;
; Family                      ; Cyclone V                                   ;
; Logic utilization (in ALMs) ; N/A until Partition Merge                   ;
; Total registers             ; N/A until Partition Merge                   ;
; Total pins                  ; N/A until Partition Merge                   ;
; Total virtual pins          ; N/A until Partition Merge                   ;
; Total block memory bits     ; N/A until Partition Merge                   ;
; Total PLLs                  ; N/A until Partition Merge                   ;
; Total DLLs                  ; N/A until Partition Merge                   ;
+-----------------------------+---------------------------------------------+


+---------------------------------------------------------------------------------------------------------------------------+
; Analysis & Synthesis Settings                                                                                             ;
+---------------------------------------------------------------------------------+--------------------+--------------------+
; Option                                                                          ; Setting            ; Default Value      ;
+---------------------------------------------------------------------------------+--------------------+--------------------+
; Device                                                                          ; 5CEBA4F23C7        ;                    ;
; Top-level entity name                                                           ; TopLevel           ; DE0_CV_Default     ;
; Family name                                                                     ; Cyclone V          ; Cyclone IV GX      ;
; Use smart compilation                                                           ; On                 ; Off                ;
; Optimization Technique                                                          ; Speed              ; Balanced           ;
; Enable parallel Assembler and TimeQuest Timing Analyzer during compilation      ; On                 ; On                 ;
; Enable compact report table                                                     ; Off                ; Off                ;
; Restructure Multiplexers                                                        ; Auto               ; Auto               ;
; MLAB Add Timing Constraints For Mixed-Port Feed-Through Mode Setting Don't Care ; Off                ; Off                ;
; Create Debugging Nodes for IP Cores                                             ; Off                ; Off                ;
; Preserve fewer node names                                                       ; On                 ; On                 ;
; Intel FPGA IP Evaluation Mode                                                   ; Enable             ; Enable             ;
; Verilog Version                                                                 ; Verilog_2001       ; Verilog_2001       ;
; VHDL Version                                                                    ; VHDL_1993          ; VHDL_1993          ;
; State Machine Processing                                                        ; Auto               ; Auto               ;
; Safe State Machine                                                              ; Off                ; Off                ;
; Extract Verilog State Machines                                                  ; On                 ; On                 ;
; Extract VHDL State Machines                                                     ; On                 ; On                 ;
; Ignore Verilog initial constructs                                               ; Off                ; Off                ;
; Iteration limit for constant Verilog loops                                      ; 5000               ; 5000               ;
; Iteration limit for non-constant Verilog loops                                  ; 250                ; 250                ;
; Add Pass-Through Logic to Inferred RAMs                                         ; On                 ; On                 ;
; Infer RAMs from Raw Logic                                                       ; On                 ; On                 ;
; Parallel Synthesis                                                              ; On                 ; On                 ;
; DSP Block Balancing                                                             ; Auto               ; Auto               ;
; NOT Gate Push-Back                                                              ; On                 ; On                 ;
; Power-Up Don't Care                                                             ; On                 ; On                 ;
; Remove Redundant Logic Cells                                                    ; Off                ; Off                ;
; Remove Duplicate Registers                                                      ; On                 ; On                 ;
; Ignore CARRY Buffers                                                            ; Off                ; Off                ;
; Ignore CASCADE Buffers                                                          ; Off                ; Off                ;
; Ignore GLOBAL Buffers                                                           ; Off                ; Off                ;
; Ignore ROW GLOBAL Buffers                                                       ; Off                ; Off                ;
; Ignore LCELL Buffers                                                            ; Off                ; Off                ;
; Ignore SOFT Buffers                                                             ; On                 ; On                 ;
; Limit AHDL Integers to 32 Bits                                                  ; Off                ; Off                ;
; Carry Chain Length                                                              ; 70                 ; 70                 ;
; Auto Carry Chains                                                               ; On                 ; On                 ;
; Auto Open-Drain Pins                                                            ; On                 ; On                 ;
; Perform WYSIWYG Primitive Resynthesis                                           ; Off                ; Off                ;
; Auto ROM Replacement                                                            ; On                 ; On                 ;
; Auto RAM Replacement                                                            ; On                 ; On                 ;
; Auto DSP Block Replacement                                                      ; On                 ; On                 ;
; Auto Shift Register Replacement                                                 ; Auto               ; Auto               ;
; Allow Shift Register Merging across Hierarchies                                 ; Auto               ; Auto               ;
; Auto Clock Enable Replacement                                                   ; On                 ; On                 ;
; Strict RAM Replacement                                                          ; Off                ; Off                ;
; Allow Synchronous Control Signals                                               ; On                 ; On                 ;
; Force Use of Synchronous Clear Signals                                          ; Off                ; Off                ;
; Auto Resource Sharing                                                           ; Off                ; Off                ;
; Allow Any RAM Size For Recognition                                              ; Off                ; Off                ;
; Allow Any ROM Size For Recognition                                              ; Off                ; Off                ;
; Allow Any Shift Register Size For Recognition                                   ; Off                ; Off                ;
; Use LogicLock Constraints during Resource Balancing                             ; On                 ; On                 ;
; Ignore translate_off and synthesis_off directives                               ; Off                ; Off                ;
; Timing-Driven Synthesis                                                         ; On                 ; On                 ;
; Report Parameter Settings                                                       ; On                 ; On                 ;
; Report Source Assignments                                                       ; On                 ; On                 ;
; Report Connectivity Checks                                                      ; On                 ; On                 ;
; Ignore Maximum Fan-Out Assignments                                              ; Off                ; Off                ;
; Synchronization Register Chain Length                                           ; 3                  ; 3                  ;
; Power Optimization During Synthesis                                             ; Normal compilation ; Normal compilation ;
; HDL message level                                                               ; Level2             ; Level2             ;
; Suppress Register Optimization Related Messages                                 ; Off                ; Off                ;
; Number of Removed Registers Reported in Synthesis Report                        ; 5000               ; 5000               ;
; Number of Swept Nodes Reported in Synthesis Report                              ; 5000               ; 5000               ;
; Number of Inverted Registers Reported in Synthesis Report                       ; 100                ; 100                ;
; Clock MUX Protection                                                            ; On                 ; On                 ;
; Auto Gated Clock Conversion                                                     ; Off                ; Off                ;
; Block Design Naming                                                             ; Auto               ; Auto               ;
; SDC constraint protection                                                       ; Off                ; Off                ;
; Synthesis Effort                                                                ; Auto               ; Auto               ;
; Shift Register Replacement - Allow Asynchronous Clear Signal                    ; On                 ; On                 ;
; Pre-Mapping Resynthesis Optimization                                            ; Off                ; Off                ;
; Analysis & Synthesis Message Level                                              ; Medium             ; Medium             ;
; Disable Register Merging Across Hierarchies                                     ; Auto               ; Auto               ;
; Resource Aware Inference For Block RAM                                          ; On                 ; On                 ;
; Automatic Parallel Synthesis                                                    ; On                 ; On                 ;
; Partial Reconfiguration Bitstream ID                                            ; Off                ; Off                ;
+---------------------------------------------------------------------------------+--------------------+--------------------+


+------------------------------------------+
; Parallel Compilation                     ;
+----------------------------+-------------+
; Processors                 ; Number      ;
+----------------------------+-------------+
; Number detected on machine ; 4           ;
; Maximum allowed            ; 2           ;
;                            ;             ;
; Average used               ; 1.00        ;
; Maximum used               ; 1           ;
;                            ;             ;
; Usage by Processor         ; % Time Used ;
;     Processor 1            ; 100.0%      ;
+----------------------------+-------------+


+-------------------------------+
; Analysis & Synthesis Messages ;
+-------------------------------+
Info: *******************************************************************
Info: Running Quartus Prime Analysis & Synthesis
    Info: Version 17.1.0 Build 590 10/25/2017 SJ Lite Edition
    Info: Processing started: Fri Mar  8 08:10:27 2019
Info: Command: quartus_map --read_settings_files=on --write_settings_files=off DE0_CV_Default -c DE0_CV_Default
Warning (18236): Number of processors has not been specified which may cause overloading on shared machines.  Set the global assignment NUM_PARALLEL_PROCESSORS in your QSF to an appropriate value for best performance.
Info (20030): Parallel compilation is enabled and will use 2 of the 2 processors detected
Info (12021): Found 2 design units, including 1 entities, in source file /home/borg/Z01.1-Insonia/Projetos/C-LogicaCombinacional/src/TopLevel.vhd
    Info (12022): Found design unit 1: TopLevel-rtl File: /home/borg/Z01.1-Insonia/Projetos/C-LogicaCombinacional/src/TopLevel.vhd Line: 35
    Info (12023): Found entity 1: TopLevel File: /home/borg/Z01.1-Insonia/Projetos/C-LogicaCombinacional/src/TopLevel.vhd Line: 21
Info (12021): Found 2 design units, including 1 entities, in source file /home/borg/Z01.1-Insonia/Projetos/C-LogicaCombinacional/src/rtl/Or16.vhd
    Info (12022): Found design unit 1: Or16-arch File: /home/borg/Z01.1-Insonia/Projetos/C-LogicaCombinacional/src/rtl/Or16.vhd Line: 11
    Info (12023): Found entity 1: Or16 File: /home/borg/Z01.1-Insonia/Projetos/C-LogicaCombinacional/src/rtl/Or16.vhd Line: 4
Info (12021): Found 2 design units, including 1 entities, in source file /home/borg/Z01.1-Insonia/Projetos/C-LogicaCombinacional/src/rtl/Or8Way.vhd
    Info (12022): Found design unit 1: Or8Way-arch File: /home/borg/Z01.1-Insonia/Projetos/C-LogicaCombinacional/src/rtl/Or8Way.vhd Line: 17
    Info (12023): Found entity 1: Or8Way File: /home/borg/Z01.1-Insonia/Projetos/C-LogicaCombinacional/src/rtl/Or8Way.vhd Line: 4
Info (12021): Found 2 design units, including 1 entities, in source file /home/borg/Z01.1-Insonia/Projetos/C-LogicaCombinacional/src/rtl/Not16.vhd
    Info (12022): Found design unit 1: Not16-arch File: /home/borg/Z01.1-Insonia/Projetos/C-LogicaCombinacional/src/rtl/Not16.vhd Line: 10
    Info (12023): Found entity 1: Not16 File: /home/borg/Z01.1-Insonia/Projetos/C-LogicaCombinacional/src/rtl/Not16.vhd Line: 4
Info (12021): Found 2 design units, including 1 entities, in source file /home/borg/Z01.1-Insonia/Projetos/C-LogicaCombinacional/src/rtl/Nor8Way.vhd
    Info (12022): Found design unit 1: Nor8Way-arch File: /home/borg/Z01.1-Insonia/Projetos/C-LogicaCombinacional/src/rtl/Nor8Way.vhd Line: 17
    Info (12023): Found entity 1: Nor8Way File: /home/borg/Z01.1-Insonia/Projetos/C-LogicaCombinacional/src/rtl/Nor8Way.vhd Line: 4
Info (12021): Found 2 design units, including 1 entities, in source file /home/borg/Z01.1-Insonia/Projetos/C-LogicaCombinacional/src/rtl/Nand.vhd
    Info (12022): Found design unit 1: nand_z01-rtl File: /home/borg/Z01.1-Insonia/Projetos/C-LogicaCombinacional/src/rtl/Nand.vhd Line: 12
    Info (12023): Found entity 1: nand_z01 File: /home/borg/Z01.1-Insonia/Projetos/C-LogicaCombinacional/src/rtl/Nand.vhd Line: 4
Info (12021): Found 2 design units, including 1 entities, in source file /home/borg/Z01.1-Insonia/Projetos/C-LogicaCombinacional/src/rtl/Mux16.vhd
    Info (12022): Found design unit 1: Mux16-arch File: /home/borg/Z01.1-Insonia/Projetos/C-LogicaCombinacional/src/rtl/Mux16.vhd Line: 12
    Info (12023): Found entity 1: Mux16 File: /home/borg/Z01.1-Insonia/Projetos/C-LogicaCombinacional/src/rtl/Mux16.vhd Line: 4
Info (12021): Found 2 design units, including 1 entities, in source file /home/borg/Z01.1-Insonia/Projetos/C-LogicaCombinacional/src/rtl/Mux8Way16.vhd
    Info (12022): Found design unit 1: Mux8Way16-arch File: /home/borg/Z01.1-Insonia/Projetos/C-LogicaCombinacional/src/rtl/Mux8Way16.vhd Line: 18
    Info (12023): Found entity 1: Mux8Way16 File: /home/borg/Z01.1-Insonia/Projetos/C-LogicaCombinacional/src/rtl/Mux8Way16.vhd Line: 4
Info (12021): Found 2 design units, including 1 entities, in source file /home/borg/Z01.1-Insonia/Projetos/C-LogicaCombinacional/src/rtl/Mux8Way.vhd
    Info (12022): Found design unit 1: Mux8Way-arch File: /home/borg/Z01.1-Insonia/Projetos/C-LogicaCombinacional/src/rtl/Mux8Way.vhd Line: 18
    Info (12023): Found entity 1: Mux8Way File: /home/borg/Z01.1-Insonia/Projetos/C-LogicaCombinacional/src/rtl/Mux8Way.vhd Line: 4
Info (12021): Found 2 design units, including 1 entities, in source file /home/borg/Z01.1-Insonia/Projetos/C-LogicaCombinacional/src/rtl/Mux4Way16.vhd
    Info (12022): Found design unit 1: Mux4Way16-arch File: /home/borg/Z01.1-Insonia/Projetos/C-LogicaCombinacional/src/rtl/Mux4Way16.vhd Line: 14
    Info (12023): Found entity 1: Mux4Way16 File: /home/borg/Z01.1-Insonia/Projetos/C-LogicaCombinacional/src/rtl/Mux4Way16.vhd Line: 4
Info (12021): Found 2 design units, including 1 entities, in source file /home/borg/Z01.1-Insonia/Projetos/C-LogicaCombinacional/src/rtl/Mux4Way.vhd
    Info (12022): Found design unit 1: Mux4Way-arch File: /home/borg/Z01.1-Insonia/Projetos/C-LogicaCombinacional/src/rtl/Mux4Way.vhd Line: 14
    Info (12023): Found entity 1: Mux4Way File: /home/borg/Z01.1-Insonia/Projetos/C-LogicaCombinacional/src/rtl/Mux4Way.vhd Line: 4
Info (12021): Found 2 design units, including 1 entities, in source file /home/borg/Z01.1-Insonia/Projetos/C-LogicaCombinacional/src/rtl/Mux2Way.vhd
    Info (12022): Found design unit 1: Mux2Way-arch File: /home/borg/Z01.1-Insonia/Projetos/C-LogicaCombinacional/src/rtl/Mux2Way.vhd Line: 12
    Info (12023): Found entity 1: Mux2Way File: /home/borg/Z01.1-Insonia/Projetos/C-LogicaCombinacional/src/rtl/Mux2Way.vhd Line: 4
Info (12021): Found 2 design units, including 1 entities, in source file /home/borg/Z01.1-Insonia/Projetos/C-LogicaCombinacional/src/rtl/DMux8Way.vhd
    Info (12022): Found design unit 1: DMux8Way-arch File: /home/borg/Z01.1-Insonia/Projetos/C-LogicaCombinacional/src/rtl/DMux8Way.vhd Line: 18
    Info (12023): Found entity 1: DMux8Way File: /home/borg/Z01.1-Insonia/Projetos/C-LogicaCombinacional/src/rtl/DMux8Way.vhd Line: 4
Info (12021): Found 2 design units, including 1 entities, in source file /home/borg/Z01.1-Insonia/Projetos/C-LogicaCombinacional/src/rtl/DMux4Way.vhd
    Info (12022): Found design unit 1: DMux4Way-rtl File: /home/borg/Z01.1-Insonia/Projetos/C-LogicaCombinacional/src/rtl/DMux4Way.vhd Line: 14
    Info (12023): Found entity 1: DMux4Way File: /home/borg/Z01.1-Insonia/Projetos/C-LogicaCombinacional/src/rtl/DMux4Way.vhd Line: 4
Info (12021): Found 2 design units, including 1 entities, in source file /home/borg/Z01.1-Insonia/Projetos/C-LogicaCombinacional/src/rtl/DMux2Way.vhd
    Info (12022): Found design unit 1: DMux2Way-rtl File: /home/borg/Z01.1-Insonia/Projetos/C-LogicaCombinacional/src/rtl/DMux2Way.vhd Line: 12
    Info (12023): Found entity 1: DMux2Way File: /home/borg/Z01.1-Insonia/Projetos/C-LogicaCombinacional/src/rtl/DMux2Way.vhd Line: 4
Warning (12019): Can't analyze file -- file ../src/rtl/BarrelShifter16.vhd is missing
Warning (12019): Can't analyze file -- file ../src/rtl/BarrelShifter8.vhd is missing
Info (12021): Found 2 design units, including 1 entities, in source file /home/borg/Z01.1-Insonia/Projetos/C-LogicaCombinacional/src/rtl/And16.vhd
    Info (12022): Found design unit 1: And16-arch File: /home/borg/Z01.1-Insonia/Projetos/C-LogicaCombinacional/src/rtl/And16.vhd Line: 11
    Info (12023): Found entity 1: And16 File: /home/borg/Z01.1-Insonia/Projetos/C-LogicaCombinacional/src/rtl/And16.vhd Line: 4
Error (10430): VHDL Primary Unit Declaration error at Hexadecimal.vhd(21): primary unit "TopLevel" already exists in library "work". Compile the two primary units into different libraries or assign them unique names. The Intel FPGA Knowledge Database contains many articles with specific details on how to resolve this error. Visit the Knowledge Database at https://www.altera.com/support/support-resources/knowledge-base/search.html and search for this specific error message number. File: /home/borg/Z01.1-Insonia/Projetos/C-LogicaCombinacional/Quartus/Hexadecimal.vhd Line: 21
Error (10784): HDL error at TopLevel.vhd(21): see declaration for object "TopLevel" File: /home/borg/Z01.1-Insonia/Projetos/C-LogicaCombinacional/src/TopLevel.vhd Line: 21
Info (12021): Found 0 design units, including 0 entities, in source file Hexadecimal.vhd
Error: Quartus Prime Analysis & Synthesis was unsuccessful. 2 errors, 3 warnings
    Error: Peak virtual memory: 1016 megabytes
    Error: Processing ended: Fri Mar  8 08:10:39 2019
    Error: Elapsed time: 00:00:12
    Error: Total CPU time (on all processors): 00:00:27


